
> voucher-platform-backend@0.1.0 test
> vitest run --fileParallelism=false tests/partner-redeem.test.js


[1m[30m[46m RUN [49m[39m[22m [36mv4.1.7 [39m[90mD:/ViVouch/ViVouch/backend[39m

 [31mâ¯[39m tests/partner-redeem.test.js [2m([22m[2m7 tests[22m[2m | [22m[33m7 skipped[39m[2m)[22m[33m 8160[2mms[22m[39m
     [2m[90mâ†“[39m[22m successfully redeems an ISSUED valid code
     [2m[90mâ†“[39m[22m rejects a code that is already USED
     [2m[90mâ†“[39m[22m rejects an EXPIRED code
     [2m[90mâ†“[39m[22m rejects a code belonging to a different partner
     [2m[90mâ†“[39m[22m rejects a CANCELLED code
     [2m[90mâ†“[39m[22m rejects a LOCKED code
     [2m[90mâ†“[39m[22m rejects a non-existent code
node.exe : 
At line:1 char:1
+ & "C:\Program 
Files\nodejs/node.exe" 
"C:\Program 
Files\nodejs/node_mo ...
+ ~~~~~~~~~~~~~~~~~~~~~~~~
~~~~~~~~~~~~~~~~~~~~~~~~~~
~~~~~~~~~~~~~~~~~~~
    + CategoryInfo        
      : NotSpecified: (:  
  String) [], RemoteExc   
 eption
    + FullyQualifiedError 
   Id : NativeCommandErr  
  or
 
[31mâ¯â¯â¯â¯â¯â¯[3
9m[1m[41m Failed Suites 
1 [49m[22m[31mâ¯â¯â¯
â¯â¯â¯â¯[39m

[41m[1m FAIL [22m[49m 
tests/partner-redeem.test.
js[2m > [22mRedeem 
Service Tests
[31m[1mPrismaClientIniti
alizationError[22m: 
Invalid 
`prisma.user.findMany()` 
invocation in
D:/ViVouch/ViVouch/backend
/tests/partner-redeem.test
.js:18:37

  15 
  16 const cleanup = 
async () => {
  17   const emails = 
[customerEmail, 
partnerEmail, 
wrongPartnerEmail];
â†’ 18   const users = 
await 
prisma.user.findMany(
Can't reach database 
server at `localhost:5432`

Please make sure your 
database server is 
running at 
`localhost:5432`.[39m
[90m [2mâ¯[22m 
$n.handleRequestError node
_modules/@prisma/client/ru
ntime/library.js:[2m121:7
615[22m[39m
[90m [2mâ¯[22m $n.hand
leAndLogRequestError node_
modules/@prisma/client/run
time/library.js:[2m121:66
23[22m[39m
[90m [2mâ¯[22m 
$n.request node_modules/@p
risma/client/runtime/libra
ry.js:[2m121:6307[22m[3
9m
[90m [2mâ¯[22m l node_
modules/@prisma/client/run
time/library.js:[2m130:96
33[22m[39m
[36m [2mâ¯[22m 
cleanup tests/partner-rede
em.test.js:[2m18:19[22m
[39m
    [90m 16|[39m   
[35mconst[39m cleanup 
[33m=[39m 
[35masync[39m () 
[33m=>[39m {
    [90m 17|[39m     
[35mconst[39m emails 
[33m=[39m 
[customerEmail[33m,[39m 
partnerEmail[33m,[39m wr
ongPartnerEmail][33m;[39
m
    [90m 18|[39m     
const users = await 
prisma.user.findMany({ 
where: { email: { in: eâ€¦
    [90m   |[39m        
           [31m^[39m
    [90m 19|[39m     
[35mif[39m 
(users[33m.[39mlength 
[33m===[39m 
[34m0[39m) [35mreturn[
39m[33m;[39m
    [90m 20|[39m
[90m [2mâ¯[22m tests/p
artner-redeem.test.js:[2m
52:5[22m[39m

[31m[2mâ¯â¯â¯â¯â¯â
¯â¯â¯â¯â¯â¯â¯â¯â¯â
¯â¯â¯â¯â¯â¯â¯â¯â¯
â¯[1/2]â¯[22m[39m

[41m[1m FAIL [22m[49m 
tests/partner-redeem.test.
js[2m > [22mRedeem 
Service Tests
[31m[1mPrismaClientIniti
alizationError[22m: 
Invalid 
`prisma.user.findMany()` 
invocation in
D:/ViVouch/ViVouch/backend
/tests/partner-redeem.test
.js:18:37

  15 
  16 const cleanup = 
async () => {
  17   const emails = 
[customerEmail, 
partnerEmail, 
wrongPartnerEmail];
â†’ 18   const users = 
await 
prisma.user.findMany(
Can't reach database 
server at `localhost:5432`

Please make sure your 
database server is 
running at 
`localhost:5432`.[39m
[90m [2mâ¯[22m 
$n.handleRequestError node
_modules/@prisma/client/ru
ntime/library.js:[2m121:7
615[22m[39m
[90m [2mâ¯[22m $n.hand
leAndLogRequestError node_
modules/@prisma/client/run
time/library.js:[2m121:66
23[22m[39m
[90m [2mâ¯[22m 
$n.request node_modules/@p
risma/client/runtime/libra
ry.js:[2m121:6307[22m[3
9m
[90m [2mâ¯[22m l node_
modules/@prisma/client/run
time/library.js:[2m130:96
33[22m[39m
[36m [2mâ¯[22m 
cleanup tests/partner-rede
em.test.js:[2m18:19[22m
[39m

    [90m 16|[39m   
[35mconst[39m cleanup 
[33m=[39m 
[35masync[39m () 
[33m=>[39m {
    [90m 17|[39m     
[35mconst[39m emails 
[33m=[39m 
[customerEmail[33m,[39m 
partnerEmail[33m,[39m wr
ongPartnerEmail][33m;[39
m
    [90m 18|[39m     
const users = await 
prisma.user.findMany({ 
where: { email: { in: eâ€¦
    [90m   |[39m        
           [31m^[39m
    [90m 19|[39m     
[35mif[39m 
(users[33m.[39mlength 
[33m===[39m 
[34m0[39m) [35mreturn[
39m[33m;[39m
    [90m 20|[39m
[90m [2mâ¯[22m tests/p
artner-redeem.test.js:[2m
130:5[22m[39m

[31m[2mâ¯â¯â¯â¯â¯â
¯â¯â¯â¯â¯â¯â¯â¯â¯â
¯â¯â¯â¯â¯â¯â¯â¯â¯
â¯[2/2]â¯[22m[39m

[2m Test Files [22m [1m[31m1 failed[39m[22m[90m (1)[39m
[2m      Tests [22m [33m7 skipped[39m[90m (7)[39m
[2m   Start at [22m 22:13:51
[2m   Duration [22m 8.41s[2m (transform 44ms, setup 0ms, import 87ms, tests 8.16s, environment 0ms)[22m

